--- stdout ---
--- stderr ---
Missing IAM permissions (4):
  s3:PutBucketTagging [required]
    → aws_s3_bucket.a[0] (create)
    → aws_s3_bucket.b["x"] (create)
    → aws_s3_bucket.c (update)
  kms:DescribeKey [optional]
    → aws_kms_key.main (create)
  backup-storage:MountCapsule [data-plane]
    → aws_backup_vault.v (delete)
  kms:CreateGrant [conditional: kms_key_arn]
    → aws_backup_vault.v (delete)
    → aws_sns_topic.t[1] (create)

6 resource changes checked, 4 distinct missing permissions found.
