--- stdout ---
--- stderr ---
Unresolved resource types (2), no permission data (allowed):
  aws_new_thing
    → aws_new_thing.a (create)
    → aws_new_thing.b["k"] (update) [new.tf:9]
  aws_other_new
    → aws_other_new.x (delete)

3 resource changes checked, 0 distinct missing permissions found, 2 resource types unresolved (allowed).
