--- stdout ---
::warning file=s3.tf,line=3,title=Missing IAM permission::s3:PutBucketTagging needed by: aws_s3_bucket.a[0] (create)
::warning file=sqs.tf,line=7,title=Unverified IAM permission::sqs:CreateQueue [unverified: resource scope] needed by: aws_sqs_queue.r["k"] (create)
::warning file=new.tf,line=9,title=Unresolved resource type::aws_new_thing has no permission data, so its permissions were not checked. Resources: aws_new_thing.a (create), aws_new_thing.b["k"] (update)
::warning title=Unresolved resource type::aws_other_new has no permission data, so its permissions were not checked. Resources: aws_other_new.x (delete)

5 resource changes checked, 1 distinct missing permissions found, 1 unverified (resource scope), 2 resource types unresolved.
--- stderr ---
