--- stdout ---
{
  "status": "ok",
  "checked": 2,
  "label": "resource changes",
  "missing": null,
  "excluded": [
    {
      "resource_type": "aws_new_thing",
      "resource_name": "a",
      "change": "create",
      "reason": "checked by hand",
      "unresolved": true
    },
    {
      "resource_type": "aws_new_thing",
      "resource_name": "b[\"k\"]",
      "change": "update",
      "reason": "checked by hand",
      "unresolved": true
    }
  ],
  "unresolved_allowed": 1
}
--- stderr ---
